// Jest Snapshot v1, https://goo.gl/fbAQLP

exports[`Storyshots Components/NavBar Default 1`] = `
<nav
  className="navbar navbar-expand navbar-dark bg-primary"
  data-testid="mars-rover-photos-navbar"
>
  <a
    className="navbar-brand"
    data-testid="mars-rover-photos-navbar-brand"
    href="#"
  >
    Mars Rover Photos
  </a>
</nav>
`;
