// Jest Snapshot v1, https://goo.gl/fbAQLP

exports[`Storyshots Components/NavBar Default 1`] = `
<nav
  className="navbar navbar-expand navbar-light bg-light fixed-top"
  data-testid="mars-rover-photos-navbar"
>
  <a
    className="navbar-brand"
    data-testid="mars-rover-photos-navbar-brand"
    href="#"
  >
    <img
      alt="nasa logo"
      className="d-inline-block align-top"
      data-testid="mars-rover-photos-nasa-logo"
      height="30"
      src="https://upload.wikimedia.org/wikipedia/commons/e/e5/NASA_logo.svg"
      width="30"
    />
    Mars Rover Photos
  </a>
</nav>
`;

exports[`Storyshots Components/PhotoCard Default 1`] = `
<div
  className="card"
  data-testid="mars-rover-photo-102693"
>
  <img
    className="card-img-top"
    data-testid="mars-rover-photo-102693-img"
    src="http://mars.jpl.nasa.gov/msl-raw-images/proj/msl/redops/ods/surface/sol/01000/opgs/edr/fcam/FLB_486265257EDR_F0481570FHAZ00323M_.JPG"
  />
  <div
    className="card-body"
  >
    <div
      className="card-title h5"
      data-testid="mars-rover-photo-102693-title"
    >
      Curiosity
      : 
      102693
    </div>
    <div
      className="mb-2 text-muted card-subtitle h6"
      data-testid="mars-rover-photo-102693-earth_date"
    >
      2015-05-30
    </div>
    <div
      className="mb-2 text-muted card-subtitle h6"
      data-testid="mars-rover-photo-102693-camera-name"
    >
      FHAZ
    </div>
  </div>
</div>
`;

exports[`Storyshots Components/Photos Default 1`] = `
<div
  className="card-columns"
  data-testid="mars-rover-photos"
>
  <div
    className="card"
    data-testid="mars-rover-photo-102693"
  >
    <img
      className="card-img-top"
      data-testid="mars-rover-photo-102693-img"
      src="http://mars.jpl.nasa.gov/msl-raw-images/proj/msl/redops/ods/surface/sol/01000/opgs/edr/fcam/FLB_486265257EDR_F0481570FHAZ00323M_.JPG"
    />
    <div
      className="card-body"
    >
      <div
        className="card-title h5"
        data-testid="mars-rover-photo-102693-title"
      >
        Curiosity
        : 
        102693
      </div>
      <div
        className="mb-2 text-muted card-subtitle h6"
        data-testid="mars-rover-photo-102693-earth_date"
      >
        2015-05-30
      </div>
      <div
        className="mb-2 text-muted card-subtitle h6"
        data-testid="mars-rover-photo-102693-camera-name"
      >
        FHAZ
      </div>
    </div>
  </div>
  <div
    className="card"
    data-testid="mars-rover-photo-102694"
  >
    <img
      className="card-img-top"
      data-testid="mars-rover-photo-102694-img"
      src="http://mars.jpl.nasa.gov/msl-raw-images/proj/msl/redops/ods/surface/sol/01000/opgs/edr/fcam/FRB_486265257EDR_F0481570FHAZ00323M_.JPG"
    />
    <div
      className="card-body"
    >
      <div
        className="card-title h5"
        data-testid="mars-rover-photo-102694-title"
      >
        Curiosity
        : 
        102694
      </div>
      <div
        className="mb-2 text-muted card-subtitle h6"
        data-testid="mars-rover-photo-102694-earth_date"
      >
        2015-05-30
      </div>
      <div
        className="mb-2 text-muted card-subtitle h6"
        data-testid="mars-rover-photo-102694-camera-name"
      >
        FHAZ
      </div>
    </div>
  </div>
  <div
    className="card"
    data-testid="mars-rover-photo-102850"
  >
    <img
      className="card-img-top"
      data-testid="mars-rover-photo-102850-img"
      src="http://mars.jpl.nasa.gov/msl-raw-images/proj/msl/redops/ods/surface/sol/01000/opgs/edr/rcam/RLB_486265291EDR_F0481570RHAZ00323M_.JPG"
    />
    <div
      className="card-body"
    >
      <div
        className="card-title h5"
        data-testid="mars-rover-photo-102850-title"
      >
        Curiosity
        : 
        102850
      </div>
      <div
        className="mb-2 text-muted card-subtitle h6"
        data-testid="mars-rover-photo-102850-earth_date"
      >
        2015-05-30
      </div>
      <div
        className="mb-2 text-muted card-subtitle h6"
        data-testid="mars-rover-photo-102850-camera-name"
      >
        RHAZ
      </div>
    </div>
  </div>
  <div
    className="card"
    data-testid="mars-rover-photo-102851"
  >
    <img
      className="card-img-top"
      data-testid="mars-rover-photo-102851-img"
      src="http://mars.jpl.nasa.gov/msl-raw-images/proj/msl/redops/ods/surface/sol/01000/opgs/edr/rcam/RRB_486265291EDR_F0481570RHAZ00323M_.JPG"
    />
    <div
      className="card-body"
    >
      <div
        className="card-title h5"
        data-testid="mars-rover-photo-102851-title"
      >
        Curiosity
        : 
        102851
      </div>
      <div
        className="mb-2 text-muted card-subtitle h6"
        data-testid="mars-rover-photo-102851-earth_date"
      >
        2015-05-30
      </div>
      <div
        className="mb-2 text-muted card-subtitle h6"
        data-testid="mars-rover-photo-102851-camera-name"
      >
        RHAZ
      </div>
    </div>
  </div>
  <div
    className="card"
    data-testid="mars-rover-photo-424905"
  >
    <img
      className="card-img-top"
      data-testid="mars-rover-photo-424905-img"
      src="http://mars.jpl.nasa.gov/msl-raw-images/msss/01000/mcam/1000MR0044631300503690E01_DXXX.jpg"
    />
    <div
      className="card-body"
    >
      <div
        className="card-title h5"
        data-testid="mars-rover-photo-424905-title"
      >
        Curiosity
        : 
        424905
      </div>
      <div
        className="mb-2 text-muted card-subtitle h6"
        data-testid="mars-rover-photo-424905-earth_date"
      >
        2015-05-30
      </div>
      <div
        className="mb-2 text-muted card-subtitle h6"
        data-testid="mars-rover-photo-424905-camera-name"
      >
        MAST
      </div>
    </div>
  </div>
  <div
    className="card"
    data-testid="mars-rover-photo-424906"
  >
    <img
      className="card-img-top"
      data-testid="mars-rover-photo-424906-img"
      src="http://mars.jpl.nasa.gov/msl-raw-images/msss/01000/mcam/1000ML0044631300305227E03_DXXX.jpg"
    />
    <div
      className="card-body"
    >
      <div
        className="card-title h5"
        data-testid="mars-rover-photo-424906-title"
      >
        Curiosity
        : 
        424906
      </div>
      <div
        className="mb-2 text-muted card-subtitle h6"
        data-testid="mars-rover-photo-424906-earth_date"
      >
        2015-05-30
      </div>
      <div
        className="mb-2 text-muted card-subtitle h6"
        data-testid="mars-rover-photo-424906-camera-name"
      >
        MAST
      </div>
    </div>
  </div>
  <div
    className="card"
    data-testid="mars-rover-photo-424907"
  >
    <img
      className="card-img-top"
      data-testid="mars-rover-photo-424907-img"
      src="http://mars.jpl.nasa.gov/msl-raw-images/msss/01000/mcam/1000MR0044631290503689E01_DXXX.jpg"
    />
    <div
      className="card-body"
    >
      <div
        className="card-title h5"
        data-testid="mars-rover-photo-424907-title"
      >
        Curiosity
        : 
        424907
      </div>
      <div
        className="mb-2 text-muted card-subtitle h6"
        data-testid="mars-rover-photo-424907-earth_date"
      >
        2015-05-30
      </div>
      <div
        className="mb-2 text-muted card-subtitle h6"
        data-testid="mars-rover-photo-424907-camera-name"
      >
        MAST
      </div>
    </div>
  </div>
  <div
    className="card"
    data-testid="mars-rover-photo-424908"
  >
    <img
      className="card-img-top"
      data-testid="mars-rover-photo-424908-img"
      src="http://mars.jpl.nasa.gov/msl-raw-images/msss/01000/mcam/1000ML0044631290305226E03_DXXX.jpg"
    />
    <div
      className="card-body"
    >
      <div
        className="card-title h5"
        data-testid="mars-rover-photo-424908-title"
      >
        Curiosity
        : 
        424908
      </div>
      <div
        className="mb-2 text-muted card-subtitle h6"
        data-testid="mars-rover-photo-424908-earth_date"
      >
        2015-05-30
      </div>
      <div
        className="mb-2 text-muted card-subtitle h6"
        data-testid="mars-rover-photo-424908-camera-name"
      >
        MAST
      </div>
    </div>
  </div>
  <div
    className="card"
    data-testid="mars-rover-photo-424909"
  >
    <img
      className="card-img-top"
      data-testid="mars-rover-photo-424909-img"
      src="http://mars.jpl.nasa.gov/msl-raw-images/msss/01000/mcam/1000MR0044631280503688E0B_DXXX.jpg"
    />
    <div
      className="card-body"
    >
      <div
        className="card-title h5"
        data-testid="mars-rover-photo-424909-title"
      >
        Curiosity
        : 
        424909
      </div>
      <div
        className="mb-2 text-muted card-subtitle h6"
        data-testid="mars-rover-photo-424909-earth_date"
      >
        2015-05-30
      </div>
      <div
        className="mb-2 text-muted card-subtitle h6"
        data-testid="mars-rover-photo-424909-camera-name"
      >
        MAST
      </div>
    </div>
  </div>
  <div
    className="card"
    data-testid="mars-rover-photo-424910"
  >
    <img
      className="card-img-top"
      data-testid="mars-rover-photo-424910-img"
      src="http://mars.jpl.nasa.gov/msl-raw-images/msss/01000/mcam/1000ML0044631280305225E03_DXXX.jpg"
    />
    <div
      className="card-body"
    >
      <div
        className="card-title h5"
        data-testid="mars-rover-photo-424910-title"
      >
        Curiosity
        : 
        424910
      </div>
      <div
        className="mb-2 text-muted card-subtitle h6"
        data-testid="mars-rover-photo-424910-earth_date"
      >
        2015-05-30
      </div>
      <div
        className="mb-2 text-muted card-subtitle h6"
        data-testid="mars-rover-photo-424910-camera-name"
      >
        MAST
      </div>
    </div>
  </div>
  <div
    className="card"
    data-testid="mars-rover-photo-424911"
  >
    <img
      className="card-img-top"
      data-testid="mars-rover-photo-424911-img"
      src="http://mars.jpl.nasa.gov/msl-raw-images/msss/01000/mcam/1000MR0044631270503687E03_DXXX.jpg"
    />
    <div
      className="card-body"
    >
      <div
        className="card-title h5"
        data-testid="mars-rover-photo-424911-title"
      >
        Curiosity
        : 
        424911
      </div>
      <div
        className="mb-2 text-muted card-subtitle h6"
        data-testid="mars-rover-photo-424911-earth_date"
      >
        2015-05-30
      </div>
      <div
        className="mb-2 text-muted card-subtitle h6"
        data-testid="mars-rover-photo-424911-camera-name"
      >
        MAST
      </div>
    </div>
  </div>
  <div
    className="card"
    data-testid="mars-rover-photo-424912"
  >
    <img
      className="card-img-top"
      data-testid="mars-rover-photo-424912-img"
      src="http://mars.jpl.nasa.gov/msl-raw-images/msss/01000/mcam/1000ML0044631270305224E03_DXXX.jpg"
    />
    <div
      className="card-body"
    >
      <div
        className="card-title h5"
        data-testid="mars-rover-photo-424912-title"
      >
        Curiosity
        : 
        424912
      </div>
      <div
        className="mb-2 text-muted card-subtitle h6"
        data-testid="mars-rover-photo-424912-earth_date"
      >
        2015-05-30
      </div>
      <div
        className="mb-2 text-muted card-subtitle h6"
        data-testid="mars-rover-photo-424912-camera-name"
      >
        MAST
      </div>
    </div>
  </div>
  <div
    className="card"
    data-testid="mars-rover-photo-424913"
  >
    <img
      className="card-img-top"
      data-testid="mars-rover-photo-424913-img"
      src="http://mars.jpl.nasa.gov/msl-raw-images/msss/01000/mcam/1000MR0044631260503686E03_DXXX.jpg"
    />
    <div
      className="card-body"
    >
      <div
        className="card-title h5"
        data-testid="mars-rover-photo-424913-title"
      >
        Curiosity
        : 
        424913
      </div>
      <div
        className="mb-2 text-muted card-subtitle h6"
        data-testid="mars-rover-photo-424913-earth_date"
      >
        2015-05-30
      </div>
      <div
        className="mb-2 text-muted card-subtitle h6"
        data-testid="mars-rover-photo-424913-camera-name"
      >
        MAST
      </div>
    </div>
  </div>
  <div
    className="card"
    data-testid="mars-rover-photo-424914"
  >
    <img
      className="card-img-top"
      data-testid="mars-rover-photo-424914-img"
      src="http://mars.jpl.nasa.gov/msl-raw-images/msss/01000/mcam/1000ML0044631260305223E03_DXXX.jpg"
    />
    <div
      className="card-body"
    >
      <div
        className="card-title h5"
        data-testid="mars-rover-photo-424914-title"
      >
        Curiosity
        : 
        424914
      </div>
      <div
        className="mb-2 text-muted card-subtitle h6"
        data-testid="mars-rover-photo-424914-earth_date"
      >
        2015-05-30
      </div>
      <div
        className="mb-2 text-muted card-subtitle h6"
        data-testid="mars-rover-photo-424914-camera-name"
      >
        MAST
      </div>
    </div>
  </div>
  <div
    className="card"
    data-testid="mars-rover-photo-424915"
  >
    <img
      className="card-img-top"
      data-testid="mars-rover-photo-424915-img"
      src="http://mars.jpl.nasa.gov/msl-raw-images/msss/01000/mcam/1000MR0044631250503685E01_DXXX.jpg"
    />
    <div
      className="card-body"
    >
      <div
        className="card-title h5"
        data-testid="mars-rover-photo-424915-title"
      >
        Curiosity
        : 
        424915
      </div>
      <div
        className="mb-2 text-muted card-subtitle h6"
        data-testid="mars-rover-photo-424915-earth_date"
      >
        2015-05-30
      </div>
      <div
        className="mb-2 text-muted card-subtitle h6"
        data-testid="mars-rover-photo-424915-camera-name"
      >
        MAST
      </div>
    </div>
  </div>
  <div
    className="card"
    data-testid="mars-rover-photo-424916"
  >
    <img
      className="card-img-top"
      data-testid="mars-rover-photo-424916-img"
      src="http://mars.jpl.nasa.gov/msl-raw-images/msss/01000/mcam/1000ML0044631250305222E03_DXXX.jpg"
    />
    <div
      className="card-body"
    >
      <div
        className="card-title h5"
        data-testid="mars-rover-photo-424916-title"
      >
        Curiosity
        : 
        424916
      </div>
      <div
        className="mb-2 text-muted card-subtitle h6"
        data-testid="mars-rover-photo-424916-earth_date"
      >
        2015-05-30
      </div>
      <div
        className="mb-2 text-muted card-subtitle h6"
        data-testid="mars-rover-photo-424916-camera-name"
      >
        MAST
      </div>
    </div>
  </div>
  <div
    className="card"
    data-testid="mars-rover-photo-424917"
  >
    <img
      className="card-img-top"
      data-testid="mars-rover-photo-424917-img"
      src="http://mars.jpl.nasa.gov/msl-raw-images/msss/01000/mcam/1000MR0044631240503684E03_DXXX.jpg"
    />
    <div
      className="card-body"
    >
      <div
        className="card-title h5"
        data-testid="mars-rover-photo-424917-title"
      >
        Curiosity
        : 
        424917
      </div>
      <div
        className="mb-2 text-muted card-subtitle h6"
        data-testid="mars-rover-photo-424917-earth_date"
      >
        2015-05-30
      </div>
      <div
        className="mb-2 text-muted card-subtitle h6"
        data-testid="mars-rover-photo-424917-camera-name"
      >
        MAST
      </div>
    </div>
  </div>
  <div
    className="card"
    data-testid="mars-rover-photo-424918"
  >
    <img
      className="card-img-top"
      data-testid="mars-rover-photo-424918-img"
      src="http://mars.jpl.nasa.gov/msl-raw-images/msss/01000/mcam/1000ML0044631240305221E03_DXXX.jpg"
    />
    <div
      className="card-body"
    >
      <div
        className="card-title h5"
        data-testid="mars-rover-photo-424918-title"
      >
        Curiosity
        : 
        424918
      </div>
      <div
        className="mb-2 text-muted card-subtitle h6"
        data-testid="mars-rover-photo-424918-earth_date"
      >
        2015-05-30
      </div>
      <div
        className="mb-2 text-muted card-subtitle h6"
        data-testid="mars-rover-photo-424918-camera-name"
      >
        MAST
      </div>
    </div>
  </div>
  <div
    className="card"
    data-testid="mars-rover-photo-424919"
  >
    <img
      className="card-img-top"
      data-testid="mars-rover-photo-424919-img"
      src="http://mars.jpl.nasa.gov/msl-raw-images/msss/01000/mcam/1000MR0044631230503683E01_DXXX.jpg"
    />
    <div
      className="card-body"
    >
      <div
        className="card-title h5"
        data-testid="mars-rover-photo-424919-title"
      >
        Curiosity
        : 
        424919
      </div>
      <div
        className="mb-2 text-muted card-subtitle h6"
        data-testid="mars-rover-photo-424919-earth_date"
      >
        2015-05-30
      </div>
      <div
        className="mb-2 text-muted card-subtitle h6"
        data-testid="mars-rover-photo-424919-camera-name"
      >
        MAST
      </div>
    </div>
  </div>
  <div
    className="card"
    data-testid="mars-rover-photo-424920"
  >
    <img
      className="card-img-top"
      data-testid="mars-rover-photo-424920-img"
      src="http://mars.jpl.nasa.gov/msl-raw-images/msss/01000/mcam/1000ML0044631230305220E02_DXXX.jpg"
    />
    <div
      className="card-body"
    >
      <div
        className="card-title h5"
        data-testid="mars-rover-photo-424920-title"
      >
        Curiosity
        : 
        424920
      </div>
      <div
        className="mb-2 text-muted card-subtitle h6"
        data-testid="mars-rover-photo-424920-earth_date"
      >
        2015-05-30
      </div>
      <div
        className="mb-2 text-muted card-subtitle h6"
        data-testid="mars-rover-photo-424920-camera-name"
      >
        MAST
      </div>
    </div>
  </div>
  <div
    className="card"
    data-testid="mars-rover-photo-424921"
  >
    <img
      className="card-img-top"
      data-testid="mars-rover-photo-424921-img"
      src="http://mars.jpl.nasa.gov/msl-raw-images/msss/01000/mcam/1000MR0044631220503682E01_DXXX.jpg"
    />
    <div
      className="card-body"
    >
      <div
        className="card-title h5"
        data-testid="mars-rover-photo-424921-title"
      >
        Curiosity
        : 
        424921
      </div>
      <div
        className="mb-2 text-muted card-subtitle h6"
        data-testid="mars-rover-photo-424921-earth_date"
      >
        2015-05-30
      </div>
      <div
        className="mb-2 text-muted card-subtitle h6"
        data-testid="mars-rover-photo-424921-camera-name"
      >
        MAST
      </div>
    </div>
  </div>
  <div
    className="card"
    data-testid="mars-rover-photo-424922"
  >
    <img
      className="card-img-top"
      data-testid="mars-rover-photo-424922-img"
      src="http://mars.jpl.nasa.gov/msl-raw-images/msss/01000/mcam/1000ML0044631220305219E01_DXXX.jpg"
    />
    <div
      className="card-body"
    >
      <div
        className="card-title h5"
        data-testid="mars-rover-photo-424922-title"
      >
        Curiosity
        : 
        424922
      </div>
      <div
        className="mb-2 text-muted card-subtitle h6"
        data-testid="mars-rover-photo-424922-earth_date"
      >
        2015-05-30
      </div>
      <div
        className="mb-2 text-muted card-subtitle h6"
        data-testid="mars-rover-photo-424922-camera-name"
      >
        MAST
      </div>
    </div>
  </div>
  <div
    className="card"
    data-testid="mars-rover-photo-424923"
  >
    <img
      className="card-img-top"
      data-testid="mars-rover-photo-424923-img"
      src="http://mars.jpl.nasa.gov/msl-raw-images/msss/01000/mcam/1000MR0044631210503681E01_DXXX.jpg"
    />
    <div
      className="card-body"
    >
      <div
        className="card-title h5"
        data-testid="mars-rover-photo-424923-title"
      >
        Curiosity
        : 
        424923
      </div>
      <div
        className="mb-2 text-muted card-subtitle h6"
        data-testid="mars-rover-photo-424923-earth_date"
      >
        2015-05-30
      </div>
      <div
        className="mb-2 text-muted card-subtitle h6"
        data-testid="mars-rover-photo-424923-camera-name"
      >
        MAST
      </div>
    </div>
  </div>
  <div
    className="card"
    data-testid="mars-rover-photo-424924"
  >
    <img
      className="card-img-top"
      data-testid="mars-rover-photo-424924-img"
      src="http://mars.jpl.nasa.gov/msl-raw-images/msss/01000/mcam/1000ML0044631210305218E01_DXXX.jpg"
    />
    <div
      className="card-body"
    >
      <div
        className="card-title h5"
        data-testid="mars-rover-photo-424924-title"
      >
        Curiosity
        : 
        424924
      </div>
      <div
        className="mb-2 text-muted card-subtitle h6"
        data-testid="mars-rover-photo-424924-earth_date"
      >
        2015-05-30
      </div>
      <div
        className="mb-2 text-muted card-subtitle h6"
        data-testid="mars-rover-photo-424924-camera-name"
      >
        MAST
      </div>
    </div>
  </div>
  <div
    className="card"
    data-testid="mars-rover-photo-424925"
  >
    <img
      className="card-img-top"
      data-testid="mars-rover-photo-424925-img"
      src="http://mars.jpl.nasa.gov/msl-raw-images/msss/01000/mcam/1000MR0044631200503680E0C_DXXX.jpg"
    />
    <div
      className="card-body"
    >
      <div
        className="card-title h5"
        data-testid="mars-rover-photo-424925-title"
      >
        Curiosity
        : 
        424925
      </div>
      <div
        className="mb-2 text-muted card-subtitle h6"
        data-testid="mars-rover-photo-424925-earth_date"
      >
        2015-05-30
      </div>
      <div
        className="mb-2 text-muted card-subtitle h6"
        data-testid="mars-rover-photo-424925-camera-name"
      >
        MAST
      </div>
    </div>
  </div>
  <div
    className="card"
    data-testid="mars-rover-photo-424926"
  >
    <img
      className="card-img-top"
      data-testid="mars-rover-photo-424926-img"
      src="http://mars.jpl.nasa.gov/msl-raw-images/msss/01000/mcam/1000ML0044631200305217E01_DXXX.jpg"
    />
    <div
      className="card-body"
    >
      <div
        className="card-title h5"
        data-testid="mars-rover-photo-424926-title"
      >
        Curiosity
        : 
        424926
      </div>
      <div
        className="mb-2 text-muted card-subtitle h6"
        data-testid="mars-rover-photo-424926-earth_date"
      >
        2015-05-30
      </div>
      <div
        className="mb-2 text-muted card-subtitle h6"
        data-testid="mars-rover-photo-424926-camera-name"
      >
        MAST
      </div>
    </div>
  </div>
  <div
    className="card"
    data-testid="mars-rover-photo-424927"
  >
    <img
      className="card-img-top"
      data-testid="mars-rover-photo-424927-img"
      src="http://mars.jpl.nasa.gov/msl-raw-images/msss/01000/mcam/1000MR0044631190503679E04_DXXX.jpg"
    />
    <div
      className="card-body"
    >
      <div
        className="card-title h5"
        data-testid="mars-rover-photo-424927-title"
      >
        Curiosity
        : 
        424927
      </div>
      <div
        className="mb-2 text-muted card-subtitle h6"
        data-testid="mars-rover-photo-424927-earth_date"
      >
        2015-05-30
      </div>
      <div
        className="mb-2 text-muted card-subtitle h6"
        data-testid="mars-rover-photo-424927-camera-name"
      >
        MAST
      </div>
    </div>
  </div>
  <div
    className="card"
    data-testid="mars-rover-photo-424928"
  >
    <img
      className="card-img-top"
      data-testid="mars-rover-photo-424928-img"
      src="http://mars.jpl.nasa.gov/msl-raw-images/msss/01000/mcam/1000ML0044631190305216E04_DXXX.jpg"
    />
    <div
      className="card-body"
    >
      <div
        className="card-title h5"
        data-testid="mars-rover-photo-424928-title"
      >
        Curiosity
        : 
        424928
      </div>
      <div
        className="mb-2 text-muted card-subtitle h6"
        data-testid="mars-rover-photo-424928-earth_date"
      >
        2015-05-30
      </div>
      <div
        className="mb-2 text-muted card-subtitle h6"
        data-testid="mars-rover-photo-424928-camera-name"
      >
        MAST
      </div>
    </div>
  </div>
  <div
    className="card"
    data-testid="mars-rover-photo-424929"
  >
    <img
      className="card-img-top"
      data-testid="mars-rover-photo-424929-img"
      src="http://mars.jpl.nasa.gov/msl-raw-images/msss/01000/mcam/1000MR0044631180503678E01_DXXX.jpg"
    />
    <div
      className="card-body"
    >
      <div
        className="card-title h5"
        data-testid="mars-rover-photo-424929-title"
      >
        Curiosity
        : 
        424929
      </div>
      <div
        className="mb-2 text-muted card-subtitle h6"
        data-testid="mars-rover-photo-424929-earth_date"
      >
        2015-05-30
      </div>
      <div
        className="mb-2 text-muted card-subtitle h6"
        data-testid="mars-rover-photo-424929-camera-name"
      >
        MAST
      </div>
    </div>
  </div>
  <div
    className="card"
    data-testid="mars-rover-photo-424930"
  >
    <img
      className="card-img-top"
      data-testid="mars-rover-photo-424930-img"
      src="http://mars.jpl.nasa.gov/msl-raw-images/msss/01000/mcam/1000ML0044631180305215E01_DXXX.jpg"
    />
    <div
      className="card-body"
    >
      <div
        className="card-title h5"
        data-testid="mars-rover-photo-424930-title"
      >
        Curiosity
        : 
        424930
      </div>
      <div
        className="mb-2 text-muted card-subtitle h6"
        data-testid="mars-rover-photo-424930-earth_date"
      >
        2015-05-30
      </div>
      <div
        className="mb-2 text-muted card-subtitle h6"
        data-testid="mars-rover-photo-424930-camera-name"
      >
        MAST
      </div>
    </div>
  </div>
  <div
    className="card"
    data-testid="mars-rover-photo-424931"
  >
    <img
      className="card-img-top"
      data-testid="mars-rover-photo-424931-img"
      src="http://mars.jpl.nasa.gov/msl-raw-images/msss/01000/mcam/1000MR0044631170503677E03_DXXX.jpg"
    />
    <div
      className="card-body"
    >
      <div
        className="card-title h5"
        data-testid="mars-rover-photo-424931-title"
      >
        Curiosity
        : 
        424931
      </div>
      <div
        className="mb-2 text-muted card-subtitle h6"
        data-testid="mars-rover-photo-424931-earth_date"
      >
        2015-05-30
      </div>
      <div
        className="mb-2 text-muted card-subtitle h6"
        data-testid="mars-rover-photo-424931-camera-name"
      >
        MAST
      </div>
    </div>
  </div>
  <div
    className="card"
    data-testid="mars-rover-photo-424932"
  >
    <img
      className="card-img-top"
      data-testid="mars-rover-photo-424932-img"
      src="http://mars.jpl.nasa.gov/msl-raw-images/msss/01000/mcam/1000ML0044631170305214E01_DXXX.jpg"
    />
    <div
      className="card-body"
    >
      <div
        className="card-title h5"
        data-testid="mars-rover-photo-424932-title"
      >
        Curiosity
        : 
        424932
      </div>
      <div
        className="mb-2 text-muted card-subtitle h6"
        data-testid="mars-rover-photo-424932-earth_date"
      >
        2015-05-30
      </div>
      <div
        className="mb-2 text-muted card-subtitle h6"
        data-testid="mars-rover-photo-424932-camera-name"
      >
        MAST
      </div>
    </div>
  </div>
  <div
    className="card"
    data-testid="mars-rover-photo-424933"
  >
    <img
      className="card-img-top"
      data-testid="mars-rover-photo-424933-img"
      src="http://mars.jpl.nasa.gov/msl-raw-images/msss/01000/mcam/1000MR0044631160503676E02_DXXX.jpg"
    />
    <div
      className="card-body"
    >
      <div
        className="card-title h5"
        data-testid="mars-rover-photo-424933-title"
      >
        Curiosity
        : 
        424933
      </div>
      <div
        className="mb-2 text-muted card-subtitle h6"
        data-testid="mars-rover-photo-424933-earth_date"
      >
        2015-05-30
      </div>
      <div
        className="mb-2 text-muted card-subtitle h6"
        data-testid="mars-rover-photo-424933-camera-name"
      >
        MAST
      </div>
    </div>
  </div>
  <div
    className="card"
    data-testid="mars-rover-photo-424934"
  >
    <img
      className="card-img-top"
      data-testid="mars-rover-photo-424934-img"
      src="http://mars.jpl.nasa.gov/msl-raw-images/msss/01000/mcam/1000ML0044631160305213E01_DXXX.jpg"
    />
    <div
      className="card-body"
    >
      <div
        className="card-title h5"
        data-testid="mars-rover-photo-424934-title"
      >
        Curiosity
        : 
        424934
      </div>
      <div
        className="mb-2 text-muted card-subtitle h6"
        data-testid="mars-rover-photo-424934-earth_date"
      >
        2015-05-30
      </div>
      <div
        className="mb-2 text-muted card-subtitle h6"
        data-testid="mars-rover-photo-424934-camera-name"
      >
        MAST
      </div>
    </div>
  </div>
  <div
    className="card"
    data-testid="mars-rover-photo-424935"
  >
    <img
      className="card-img-top"
      data-testid="mars-rover-photo-424935-img"
      src="http://mars.jpl.nasa.gov/msl-raw-images/msss/01000/mcam/1000MR0044631150503675E02_DXXX.jpg"
    />
    <div
      className="card-body"
    >
      <div
        className="card-title h5"
        data-testid="mars-rover-photo-424935-title"
      >
        Curiosity
        : 
        424935
      </div>
      <div
        className="mb-2 text-muted card-subtitle h6"
        data-testid="mars-rover-photo-424935-earth_date"
      >
        2015-05-30
      </div>
      <div
        className="mb-2 text-muted card-subtitle h6"
        data-testid="mars-rover-photo-424935-camera-name"
      >
        MAST
      </div>
    </div>
  </div>
  <div
    className="card"
    data-testid="mars-rover-photo-424936"
  >
    <img
      className="card-img-top"
      data-testid="mars-rover-photo-424936-img"
      src="http://mars.jpl.nasa.gov/msl-raw-images/msss/01000/mcam/1000ML0044631150305212E01_DXXX.jpg"
    />
    <div
      className="card-body"
    >
      <div
        className="card-title h5"
        data-testid="mars-rover-photo-424936-title"
      >
        Curiosity
        : 
        424936
      </div>
      <div
        className="mb-2 text-muted card-subtitle h6"
        data-testid="mars-rover-photo-424936-earth_date"
      >
        2015-05-30
      </div>
      <div
        className="mb-2 text-muted card-subtitle h6"
        data-testid="mars-rover-photo-424936-camera-name"
      >
        MAST
      </div>
    </div>
  </div>
  <div
    className="card"
    data-testid="mars-rover-photo-424937"
  >
    <img
      className="card-img-top"
      data-testid="mars-rover-photo-424937-img"
      src="http://mars.jpl.nasa.gov/msl-raw-images/msss/01000/mcam/1000MR0044631140503674E01_DXXX.jpg"
    />
    <div
      className="card-body"
    >
      <div
        className="card-title h5"
        data-testid="mars-rover-photo-424937-title"
      >
        Curiosity
        : 
        424937
      </div>
      <div
        className="mb-2 text-muted card-subtitle h6"
        data-testid="mars-rover-photo-424937-earth_date"
      >
        2015-05-30
      </div>
      <div
        className="mb-2 text-muted card-subtitle h6"
        data-testid="mars-rover-photo-424937-camera-name"
      >
        MAST
      </div>
    </div>
  </div>
  <div
    className="card"
    data-testid="mars-rover-photo-424938"
  >
    <img
      className="card-img-top"
      data-testid="mars-rover-photo-424938-img"
      src="http://mars.jpl.nasa.gov/msl-raw-images/msss/01000/mcam/1000ML0044631140305211E02_DXXX.jpg"
    />
    <div
      className="card-body"
    >
      <div
        className="card-title h5"
        data-testid="mars-rover-photo-424938-title"
      >
        Curiosity
        : 
        424938
      </div>
      <div
        className="mb-2 text-muted card-subtitle h6"
        data-testid="mars-rover-photo-424938-earth_date"
      >
        2015-05-30
      </div>
      <div
        className="mb-2 text-muted card-subtitle h6"
        data-testid="mars-rover-photo-424938-camera-name"
      >
        MAST
      </div>
    </div>
  </div>
  <div
    className="card"
    data-testid="mars-rover-photo-424939"
  >
    <img
      className="card-img-top"
      data-testid="mars-rover-photo-424939-img"
      src="http://mars.jpl.nasa.gov/msl-raw-images/msss/01000/mcam/1000MR0044631130503673E01_DXXX.jpg"
    />
    <div
      className="card-body"
    >
      <div
        className="card-title h5"
        data-testid="mars-rover-photo-424939-title"
      >
        Curiosity
        : 
        424939
      </div>
      <div
        className="mb-2 text-muted card-subtitle h6"
        data-testid="mars-rover-photo-424939-earth_date"
      >
        2015-05-30
      </div>
      <div
        className="mb-2 text-muted card-subtitle h6"
        data-testid="mars-rover-photo-424939-camera-name"
      >
        MAST
      </div>
    </div>
  </div>
  <div
    className="card"
    data-testid="mars-rover-photo-424940"
  >
    <img
      className="card-img-top"
      data-testid="mars-rover-photo-424940-img"
      src="http://mars.jpl.nasa.gov/msl-raw-images/msss/01000/mcam/1000ML0044631130305210E01_DXXX.jpg"
    />
    <div
      className="card-body"
    >
      <div
        className="card-title h5"
        data-testid="mars-rover-photo-424940-title"
      >
        Curiosity
        : 
        424940
      </div>
      <div
        className="mb-2 text-muted card-subtitle h6"
        data-testid="mars-rover-photo-424940-earth_date"
      >
        2015-05-30
      </div>
      <div
        className="mb-2 text-muted card-subtitle h6"
        data-testid="mars-rover-photo-424940-camera-name"
      >
        MAST
      </div>
    </div>
  </div>
  <div
    className="card"
    data-testid="mars-rover-photo-424941"
  >
    <img
      className="card-img-top"
      data-testid="mars-rover-photo-424941-img"
      src="http://mars.jpl.nasa.gov/msl-raw-images/msss/01000/mcam/1000ML0044631120305209E02_DXXX.jpg"
    />
    <div
      className="card-body"
    >
      <div
        className="card-title h5"
        data-testid="mars-rover-photo-424941-title"
      >
        Curiosity
        : 
        424941
      </div>
      <div
        className="mb-2 text-muted card-subtitle h6"
        data-testid="mars-rover-photo-424941-earth_date"
      >
        2015-05-30
      </div>
      <div
        className="mb-2 text-muted card-subtitle h6"
        data-testid="mars-rover-photo-424941-camera-name"
      >
        MAST
      </div>
    </div>
  </div>
  <div
    className="card"
    data-testid="mars-rover-photo-424942"
  >
    <img
      className="card-img-top"
      data-testid="mars-rover-photo-424942-img"
      src="http://mars.jpl.nasa.gov/msl-raw-images/msss/01000/mcam/1000MR0044631120503672E01_DXXX.jpg"
    />
    <div
      className="card-body"
    >
      <div
        className="card-title h5"
        data-testid="mars-rover-photo-424942-title"
      >
        Curiosity
        : 
        424942
      </div>
      <div
        className="mb-2 text-muted card-subtitle h6"
        data-testid="mars-rover-photo-424942-earth_date"
      >
        2015-05-30
      </div>
      <div
        className="mb-2 text-muted card-subtitle h6"
        data-testid="mars-rover-photo-424942-camera-name"
      >
        MAST
      </div>
    </div>
  </div>
  <div
    className="card"
    data-testid="mars-rover-photo-424943"
  >
    <img
      className="card-img-top"
      data-testid="mars-rover-photo-424943-img"
      src="http://mars.jpl.nasa.gov/msl-raw-images/msss/01000/mcam/1000MR0044631110503671E02_DXXX.jpg"
    />
    <div
      className="card-body"
    >
      <div
        className="card-title h5"
        data-testid="mars-rover-photo-424943-title"
      >
        Curiosity
        : 
        424943
      </div>
      <div
        className="mb-2 text-muted card-subtitle h6"
        data-testid="mars-rover-photo-424943-earth_date"
      >
        2015-05-30
      </div>
      <div
        className="mb-2 text-muted card-subtitle h6"
        data-testid="mars-rover-photo-424943-camera-name"
      >
        MAST
      </div>
    </div>
  </div>
  <div
    className="card"
    data-testid="mars-rover-photo-424944"
  >
    <img
      className="card-img-top"
      data-testid="mars-rover-photo-424944-img"
      src="http://mars.jpl.nasa.gov/msl-raw-images/msss/01000/mcam/1000ML0044631110305208E01_DXXX.jpg"
    />
    <div
      className="card-body"
    >
      <div
        className="card-title h5"
        data-testid="mars-rover-photo-424944-title"
      >
        Curiosity
        : 
        424944
      </div>
      <div
        className="mb-2 text-muted card-subtitle h6"
        data-testid="mars-rover-photo-424944-earth_date"
      >
        2015-05-30
      </div>
      <div
        className="mb-2 text-muted card-subtitle h6"
        data-testid="mars-rover-photo-424944-camera-name"
      >
        MAST
      </div>
    </div>
  </div>
  <div
    className="card"
    data-testid="mars-rover-photo-424945"
  >
    <img
      className="card-img-top"
      data-testid="mars-rover-photo-424945-img"
      src="http://mars.jpl.nasa.gov/msl-raw-images/msss/01000/mcam/1000MR0044631100503670E02_DXXX.jpg"
    />
    <div
      className="card-body"
    >
      <div
        className="card-title h5"
        data-testid="mars-rover-photo-424945-title"
      >
        Curiosity
        : 
        424945
      </div>
      <div
        className="mb-2 text-muted card-subtitle h6"
        data-testid="mars-rover-photo-424945-earth_date"
      >
        2015-05-30
      </div>
      <div
        className="mb-2 text-muted card-subtitle h6"
        data-testid="mars-rover-photo-424945-camera-name"
      >
        MAST
      </div>
    </div>
  </div>
  <div
    className="card"
    data-testid="mars-rover-photo-424946"
  >
    <img
      className="card-img-top"
      data-testid="mars-rover-photo-424946-img"
      src="http://mars.jpl.nasa.gov/msl-raw-images/msss/01000/mcam/1000ML0044631100305207E01_DXXX.jpg"
    />
    <div
      className="card-body"
    >
      <div
        className="card-title h5"
        data-testid="mars-rover-photo-424946-title"
      >
        Curiosity
        : 
        424946
      </div>
      <div
        className="mb-2 text-muted card-subtitle h6"
        data-testid="mars-rover-photo-424946-earth_date"
      >
        2015-05-30
      </div>
      <div
        className="mb-2 text-muted card-subtitle h6"
        data-testid="mars-rover-photo-424946-camera-name"
      >
        MAST
      </div>
    </div>
  </div>
  <div
    className="card"
    data-testid="mars-rover-photo-424947"
  >
    <img
      className="card-img-top"
      data-testid="mars-rover-photo-424947-img"
      src="http://mars.jpl.nasa.gov/msl-raw-images/msss/01000/mcam/1000MR0044631090503669E02_DXXX.jpg"
    />
    <div
      className="card-body"
    >
      <div
        className="card-title h5"
        data-testid="mars-rover-photo-424947-title"
      >
        Curiosity
        : 
        424947
      </div>
      <div
        className="mb-2 text-muted card-subtitle h6"
        data-testid="mars-rover-photo-424947-earth_date"
      >
        2015-05-30
      </div>
      <div
        className="mb-2 text-muted card-subtitle h6"
        data-testid="mars-rover-photo-424947-camera-name"
      >
        MAST
      </div>
    </div>
  </div>
  <div
    className="card"
    data-testid="mars-rover-photo-424948"
  >
    <img
      className="card-img-top"
      data-testid="mars-rover-photo-424948-img"
      src="http://mars.jpl.nasa.gov/msl-raw-images/msss/01000/mcam/1000ML0044631090305206E01_DXXX.jpg"
    />
    <div
      className="card-body"
    >
      <div
        className="card-title h5"
        data-testid="mars-rover-photo-424948-title"
      >
        Curiosity
        : 
        424948
      </div>
      <div
        className="mb-2 text-muted card-subtitle h6"
        data-testid="mars-rover-photo-424948-earth_date"
      >
        2015-05-30
      </div>
      <div
        className="mb-2 text-muted card-subtitle h6"
        data-testid="mars-rover-photo-424948-camera-name"
      >
        MAST
      </div>
    </div>
  </div>
  <div
    className="card"
    data-testid="mars-rover-photo-424949"
  >
    <img
      className="card-img-top"
      data-testid="mars-rover-photo-424949-img"
      src="http://mars.jpl.nasa.gov/msl-raw-images/msss/01000/mcam/1000MR0044631080503668E01_DXXX.jpg"
    />
    <div
      className="card-body"
    >
      <div
        className="card-title h5"
        data-testid="mars-rover-photo-424949-title"
      >
        Curiosity
        : 
        424949
      </div>
      <div
        className="mb-2 text-muted card-subtitle h6"
        data-testid="mars-rover-photo-424949-earth_date"
      >
        2015-05-30
      </div>
      <div
        className="mb-2 text-muted card-subtitle h6"
        data-testid="mars-rover-photo-424949-camera-name"
      >
        MAST
      </div>
    </div>
  </div>
  <div
    className="card"
    data-testid="mars-rover-photo-424950"
  >
    <img
      className="card-img-top"
      data-testid="mars-rover-photo-424950-img"
      src="http://mars.jpl.nasa.gov/msl-raw-images/msss/01000/mcam/1000ML0044631080305205E01_DXXX.jpg"
    />
    <div
      className="card-body"
    >
      <div
        className="card-title h5"
        data-testid="mars-rover-photo-424950-title"
      >
        Curiosity
        : 
        424950
      </div>
      <div
        className="mb-2 text-muted card-subtitle h6"
        data-testid="mars-rover-photo-424950-earth_date"
      >
        2015-05-30
      </div>
      <div
        className="mb-2 text-muted card-subtitle h6"
        data-testid="mars-rover-photo-424950-camera-name"
      >
        MAST
      </div>
    </div>
  </div>
  <div
    className="card"
    data-testid="mars-rover-photo-424951"
  >
    <img
      className="card-img-top"
      data-testid="mars-rover-photo-424951-img"
      src="http://mars.jpl.nasa.gov/msl-raw-images/msss/01000/mcam/1000ML0044631070305204E01_DXXX.jpg"
    />
    <div
      className="card-body"
    >
      <div
        className="card-title h5"
        data-testid="mars-rover-photo-424951-title"
      >
        Curiosity
        : 
        424951
      </div>
      <div
        className="mb-2 text-muted card-subtitle h6"
        data-testid="mars-rover-photo-424951-earth_date"
      >
        2015-05-30
      </div>
      <div
        className="mb-2 text-muted card-subtitle h6"
        data-testid="mars-rover-photo-424951-camera-name"
      >
        MAST
      </div>
    </div>
  </div>
  <div
    className="card"
    data-testid="mars-rover-photo-424952"
  >
    <img
      className="card-img-top"
      data-testid="mars-rover-photo-424952-img"
      src="http://mars.jpl.nasa.gov/msl-raw-images/msss/01000/mcam/1000MR0044631070503667E01_DXXX.jpg"
    />
    <div
      className="card-body"
    >
      <div
        className="card-title h5"
        data-testid="mars-rover-photo-424952-title"
      >
        Curiosity
        : 
        424952
      </div>
      <div
        className="mb-2 text-muted card-subtitle h6"
        data-testid="mars-rover-photo-424952-earth_date"
      >
        2015-05-30
      </div>
      <div
        className="mb-2 text-muted card-subtitle h6"
        data-testid="mars-rover-photo-424952-camera-name"
      >
        MAST
      </div>
    </div>
  </div>
  <div
    className="card"
    data-testid="mars-rover-photo-424953"
  >
    <img
      className="card-img-top"
      data-testid="mars-rover-photo-424953-img"
      src="http://mars.jpl.nasa.gov/msl-raw-images/msss/01000/mcam/1000MR0044631060503666E02_DXXX.jpg"
    />
    <div
      className="card-body"
    >
      <div
        className="card-title h5"
        data-testid="mars-rover-photo-424953-title"
      >
        Curiosity
        : 
        424953
      </div>
      <div
        className="mb-2 text-muted card-subtitle h6"
        data-testid="mars-rover-photo-424953-earth_date"
      >
        2015-05-30
      </div>
      <div
        className="mb-2 text-muted card-subtitle h6"
        data-testid="mars-rover-photo-424953-camera-name"
      >
        MAST
      </div>
    </div>
  </div>
  <div
    className="card"
    data-testid="mars-rover-photo-424954"
  >
    <img
      className="card-img-top"
      data-testid="mars-rover-photo-424954-img"
      src="http://mars.jpl.nasa.gov/msl-raw-images/msss/01000/mcam/1000ML0044631060305203E01_DXXX.jpg"
    />
    <div
      className="card-body"
    >
      <div
        className="card-title h5"
        data-testid="mars-rover-photo-424954-title"
      >
        Curiosity
        : 
        424954
      </div>
      <div
        className="mb-2 text-muted card-subtitle h6"
        data-testid="mars-rover-photo-424954-earth_date"
      >
        2015-05-30
      </div>
      <div
        className="mb-2 text-muted card-subtitle h6"
        data-testid="mars-rover-photo-424954-camera-name"
      >
        MAST
      </div>
    </div>
  </div>
  <div
    className="card"
    data-testid="mars-rover-photo-424955"
  >
    <img
      className="card-img-top"
      data-testid="mars-rover-photo-424955-img"
      src="http://mars.jpl.nasa.gov/msl-raw-images/msss/01000/mcam/1000MR0044631050503665E01_DXXX.jpg"
    />
    <div
      className="card-body"
    >
      <div
        className="card-title h5"
        data-testid="mars-rover-photo-424955-title"
      >
        Curiosity
        : 
        424955
      </div>
      <div
        className="mb-2 text-muted card-subtitle h6"
        data-testid="mars-rover-photo-424955-earth_date"
      >
        2015-05-30
      </div>
      <div
        className="mb-2 text-muted card-subtitle h6"
        data-testid="mars-rover-photo-424955-camera-name"
      >
        MAST
      </div>
    </div>
  </div>
  <div
    className="card"
    data-testid="mars-rover-photo-424956"
  >
    <img
      className="card-img-top"
      data-testid="mars-rover-photo-424956-img"
      src="http://mars.jpl.nasa.gov/msl-raw-images/msss/01000/mcam/1000ML0044631050305202E01_DXXX.jpg"
    />
    <div
      className="card-body"
    >
      <div
        className="card-title h5"
        data-testid="mars-rover-photo-424956-title"
      >
        Curiosity
        : 
        424956
      </div>
      <div
        className="mb-2 text-muted card-subtitle h6"
        data-testid="mars-rover-photo-424956-earth_date"
      >
        2015-05-30
      </div>
      <div
        className="mb-2 text-muted card-subtitle h6"
        data-testid="mars-rover-photo-424956-camera-name"
      >
        MAST
      </div>
    </div>
  </div>
  <div
    className="card"
    data-testid="mars-rover-photo-424957"
  >
    <img
      className="card-img-top"
      data-testid="mars-rover-photo-424957-img"
      src="http://mars.jpl.nasa.gov/msl-raw-images/msss/01000/mcam/1000MR0044631040503664E01_DXXX.jpg"
    />
    <div
      className="card-body"
    >
      <div
        className="card-title h5"
        data-testid="mars-rover-photo-424957-title"
      >
        Curiosity
        : 
        424957
      </div>
      <div
        className="mb-2 text-muted card-subtitle h6"
        data-testid="mars-rover-photo-424957-earth_date"
      >
        2015-05-30
      </div>
      <div
        className="mb-2 text-muted card-subtitle h6"
        data-testid="mars-rover-photo-424957-camera-name"
      >
        MAST
      </div>
    </div>
  </div>
  <div
    className="card"
    data-testid="mars-rover-photo-424958"
  >
    <img
      className="card-img-top"
      data-testid="mars-rover-photo-424958-img"
      src="http://mars.jpl.nasa.gov/msl-raw-images/msss/01000/mcam/1000ML0044631040305201E01_DXXX.jpg"
    />
    <div
      className="card-body"
    >
      <div
        className="card-title h5"
        data-testid="mars-rover-photo-424958-title"
      >
        Curiosity
        : 
        424958
      </div>
      <div
        className="mb-2 text-muted card-subtitle h6"
        data-testid="mars-rover-photo-424958-earth_date"
      >
        2015-05-30
      </div>
      <div
        className="mb-2 text-muted card-subtitle h6"
        data-testid="mars-rover-photo-424958-camera-name"
      >
        MAST
      </div>
    </div>
  </div>
  <div
    className="card"
    data-testid="mars-rover-photo-424959"
  >
    <img
      className="card-img-top"
      data-testid="mars-rover-photo-424959-img"
      src="http://mars.jpl.nasa.gov/msl-raw-images/msss/01000/mcam/1000MR0044631030503663E02_DXXX.jpg"
    />
    <div
      className="card-body"
    >
      <div
        className="card-title h5"
        data-testid="mars-rover-photo-424959-title"
      >
        Curiosity
        : 
        424959
      </div>
      <div
        className="mb-2 text-muted card-subtitle h6"
        data-testid="mars-rover-photo-424959-earth_date"
      >
        2015-05-30
      </div>
      <div
        className="mb-2 text-muted card-subtitle h6"
        data-testid="mars-rover-photo-424959-camera-name"
      >
        MAST
      </div>
    </div>
  </div>
  <div
    className="card"
    data-testid="mars-rover-photo-424960"
  >
    <img
      className="card-img-top"
      data-testid="mars-rover-photo-424960-img"
      src="http://mars.jpl.nasa.gov/msl-raw-images/msss/01000/mcam/1000ML0044631030305200E02_DXXX.jpg"
    />
    <div
      className="card-body"
    >
      <div
        className="card-title h5"
        data-testid="mars-rover-photo-424960-title"
      >
        Curiosity
        : 
        424960
      </div>
      <div
        className="mb-2 text-muted card-subtitle h6"
        data-testid="mars-rover-photo-424960-earth_date"
      >
        2015-05-30
      </div>
      <div
        className="mb-2 text-muted card-subtitle h6"
        data-testid="mars-rover-photo-424960-camera-name"
      >
        MAST
      </div>
    </div>
  </div>
  <div
    className="card"
    data-testid="mars-rover-photo-424961"
  >
    <img
      className="card-img-top"
      data-testid="mars-rover-photo-424961-img"
      src="http://mars.jpl.nasa.gov/msl-raw-images/msss/01000/mcam/1000MR0044631020503662E02_DXXX.jpg"
    />
    <div
      className="card-body"
    >
      <div
        className="card-title h5"
        data-testid="mars-rover-photo-424961-title"
      >
        Curiosity
        : 
        424961
      </div>
      <div
        className="mb-2 text-muted card-subtitle h6"
        data-testid="mars-rover-photo-424961-earth_date"
      >
        2015-05-30
      </div>
      <div
        className="mb-2 text-muted card-subtitle h6"
        data-testid="mars-rover-photo-424961-camera-name"
      >
        MAST
      </div>
    </div>
  </div>
  <div
    className="card"
    data-testid="mars-rover-photo-424962"
  >
    <img
      className="card-img-top"
      data-testid="mars-rover-photo-424962-img"
      src="http://mars.jpl.nasa.gov/msl-raw-images/msss/01000/mcam/1000ML0044631020305199E01_DXXX.jpg"
    />
    <div
      className="card-body"
    >
      <div
        className="card-title h5"
        data-testid="mars-rover-photo-424962-title"
      >
        Curiosity
        : 
        424962
      </div>
      <div
        className="mb-2 text-muted card-subtitle h6"
        data-testid="mars-rover-photo-424962-earth_date"
      >
        2015-05-30
      </div>
      <div
        className="mb-2 text-muted card-subtitle h6"
        data-testid="mars-rover-photo-424962-camera-name"
      >
        MAST
      </div>
    </div>
  </div>
</div>
`;
